ART0/UART1/SDIO_REI_REO_V2))
waiting for download
ets Jul 29 2019 12:21:46

rst:0x1 (POWERON_RESET),boot:0x3 (DOWNLOAD_BOOT(UART0/UART1/SDIO_REI_REO_V2))
waiting for download
q_drv:0x00,d	ï¿½ï¿½ï¿½ï¿½ Partition Table:
[0;32mI (54) boot: ## Label            Usage          Type ST Offset   Length[0m
[0;32mI (60) boot:  0 nvs              WiFi data        01 02 00009000 00006000[0m
[0;32mI (67) boot:  1 phy_init         RF data          01 01 0000f000 00001000[0m
[0;32mI (73) boot:  2 factory          factory app      00 00 00010000 00100000[0m
[0;32mI (80) boot: End of partition table[0m
[0;32mI (83) esp_image: segment 0: paddr=00010020 vaddr=3f400020 size=0a0cch ( 41164) map[0m
[0;32mI (104) esp_image: segment 1: paddr=0001a0f4 vaddr=3ff80000 size=0001ch (    28) load[0m
[0;32mI (105) esp_image: segment 2: paddr=0001a118 vaddr=3ffb0000 size=02314h (  8980) load[0m
[0;32mI (112) esp_image: segment 3: paddr=0001c434 vaddr=40080000 size=03be4h ( 15332) load[0m
[0;32mI (122) esp_image: segment 4: paddr=00020020 vaddr=400d0020 size=149a4h ( 84388) map[0m
[0;32mI (152) esp_image: segment 5: paddr=000349cc vaddr=40083be4 size=09234h ( 37428) load[0m
[0;32mI (173) boot: Loaded app from partition at offset 0x10000[0m
[0;32mI (173) boot: Disabling RNG early entropy source...[0m
[0;32mI (184) cpu_start: Multicore app[0m
[0;32mI (192) cpu_start: Pro cpu start user code[0m
[0;32mI (192) cpu_start: cpu freq: 160000000 Hz[0m
[0;32mI (192) app_init: Application information:[0m
[0;32mI (192) app_init: Project name:     blink[0m
[0;32mI (196) app_init: App version:      d8c2606-dirty[0m
[0;32mI (200) app_init: Compile time:     May 13 2025 13:46:17[0m
[0;32mI (205) app_init: ELF file SHA256:  f4f53f05d...[0m
[0;32mI (210) app_init: ESP-IDF:          v5.4.1-dirty[0m
[0;32mI (214) efuse_init: Min chip rev:     v0.0[0m
[0;32mI (218) efuse_init: Max chip rev:     v3.99 [0m
[0;32mI (222) efuse_init: Chip rev:         v3.1[0m
[0;32mI (226) heap_init: Initializing. RAM available for dynamic allocation:[0m
[0;32mI (232) heap_init: At 3FFAE6E0 len 00001920 (6 KiB): DRAM[0m
[0;32mI (237) heap_init: At 3FFB2BD8 len 0002D428 (181 KiB): DRAM[0m
[0;32mI (242) heap_init: At 3FFE0440 len 00003AE0 (14 KiB): D/IRAM[0m
[0;32mI (248) heap_init: At 3FFE4350 len 0001BCB0 (111 KiB): D/IRAM[0m
[0;32mI (253) heap_init: At 4008CE18 len 000131E8 (76 KiB): IRAM[0m
[0;32mI (260) spi_flash: detected chip: generic[0m
[0;32mI (262) spi_flash: flash io: dio[0m
[0;32mI (266) main_task: Started on CPU0[0m
[0;32mI (276) main_task: Calling app_main()[0m
[0;32mI (276) gpio: GPIO[2]| InputEn: 0| OutputEn: 1| OpenDrain: 0| Pullup: 0| Pulldown: 0| Intr:0 [0m
[0;32mI (276) gpio: GPIO[4]| InputEn: 1| OutputEn: 0| OpenDrain: 0| Pullup: 1| Pulldown: 0| Intr:1 [0m
Guru Meditation Error: Core  0 panic'ed (LoadProhibited). Exception was unhandled.

Core  0 register dump:
PC      : 0x40082afb  PS      : 0x00060031  A0      : 0x800830d9  A1      : 0x3ffb0fc0  
A2      : 0x00000004  A3      : 0x00000000  A4      : 0xfffffffb  A5      : 0x3ffb4430  
A6      : 0x00000003  A7      : 0x00060823  A8      : 0x00060820  A9      : 0x00060023  
A10     : 0x00000001  A11     : 0x0000cdcd  A12     : 0x80086549  A13     : 0x3ffb0fc0  
A14     : 0x00000003  A15     : 0x00060023  SAR     : 0x0000001c  EXCCAUSE: 0x0000001c  
EXCVADDR: 0x00000004  LBEG    : 0x00000000  LEND    : 0x00000000  LCOUNT  : 0x00000000  


Backtrace: 0x40082af8:0x3ffb0fc0 0x400830d6:0x3ffb0fe0 0x40083166:0x3ffb1010 0x40082e85:0x3ffb1040 0x4008476f:0x3ffb44a0 0x400d2297:0x3ffb44c0 0x40086f9a:0x3ffb44e0 0x400861ad:0x3ffb4500




ELF file SHA256: f4f53f05d

Rebooting...
ets Jul 29 2019 12:21:46

rst:0xc (SW_CPU_RESET),boot:0x13 (SPI_FAST_FLASH_BOOT)
configsip: 0, SPIWP:0xee
clk_drv:0x00,q_drv:0x00,d_drv:0x00,cs0_drv:0x00,hd_drv:0x00,wp_drv:0x00
mode:DIO, clock div:2
load:0x3fff0030,len:6276
load:0x40078000,len:15748
load:0x40080400,len:4
ho 8 tail 4 room 4
load:0x40080404,len:3860
entry 0x4008063c
[0;32mI (31) boot: ESP-IDF v5.4.1-dirty 2nd stage bootloader[0m
[0;32mI (31) boot: compile time May 13 2025 00:30:41[0m
[0;32mI (31) boot: Multicore bootloader[0m
[0;32mI (33) boot: chip revision: v3.1[0m
[0;32mI (36) boot.esp32: SPI Speed      : 40MHz[0m
[0;32mI (39) boot.esp32: SPI Mode       : DIO[0m
[0;32mI (43) boot.esp32: SPI Flash Size : 4MB[0m
[0;32mI (47) boot: Enabling RNG early entropy source...[0m
[0;32mI (51) boot: Partition Table:[0m
[0;32mI (54) boot: ## Label            Usage          Type ST Offset   Length[0m
[0;32mI (60) boot:  0 nvs              WiFi data        01 02 00009000 00006000[0m
[0;32mI (67) boot:  1 phy_init         RF data          01 01 0000f000 00001000[0m
[0;32mI (73) boot:  2 factory          factory app      00 00 00010000 00100000[0m
[0;32mI (80) boot: End of partition table[0m
[0;32mI (83) esp_image: segment 0: paddr=00010020 vaddr=3f400020 size=0a0cch ( 41164) map[0m
[0;32mI (104) esp_image: segment 1: paddr=0001a0f4 vaddr=3ff80000 size=0001ch (    28) load[0m
[0;32mI (105) esp_image: segment 2: paddr=0001a118 vaddr=3ffb0000 size=02314h (  8980) load[0m
[0;32mI (112) esp_image: segment 3: paddr=0001c434 vaddr=40080000 size=03be4h ( 15332) load[0m
[0;32mI (122) esp_image: segment 4: paddr=00020020 vaddr=400d0020 size=149a4h ( 84388) map[0m
[0;32mI (152) esp_image: segment 5: paddr=000349cc vaddr=40083be4 size=09234h ( 37428) load[0m
[0;32mI (173) boot: Loaded app from partition at offset 0x10000[0m
[0;32mI (173) boot: Disabling RNG early entropy source...[0m
[0;32mI (184) cpu_start: Multicore app[0m
[0;32mI (192) cpu_start: Pro cpu start user code[0m
[0;32mI (192) cpu_start: cpu freq: 160000000 Hz[0m
[0;32mI (192) app_init: Application information:[0m
[0;32mI (192) app_init: Project name:     blink[0m
[0;32mI (196) app_init: App version:      d8c2606-dirty[0m
[0;32mI (200) app_init: Compile time:     May 13 2025 13:46:17[0m
[0;32mI (205) app_init: ELF file SHA256:  f4f53f05d...[0m
[0;32mI (210) app_init: ESP-IDF:          v5.4.1-dirty[0m
[0;32mI (214) efuse_init: Min chip rev:     v0.0[0m
[0;32mI (218) efuse_init: Max chip rev:     v3.99 [0m
[0;32mI (222) efuse_init: Chip rev:         v3.1[0m
[0;32mI (226) heap_init: Initializing. RAM available for dynamic allocation:[0m
[0;32mI (232) heap_init: At 3FFAE6E0 len 00001920 (6 KiB): DRAM[0m
[0;32mI (237) heap_init: At 3FFB2BD8 len 0002D428 (181 KiB): DRAM[0m
[0;32mI (242) heap_init: At 3FFE0440 len 00003AE0 (14 KiB): D/IRAM[0m
[0;32mI (248) heap_init: At 3FFE4350 len 0001BCB0 (111 KiB): D/IRAM[0m
[0;32mI (253) heap_init: At 4008CE18 len 000131E8 (76 KiB): IRAM[0m
[0;32mI (260) spi_flash: detected chip: generic[0m
[0;32mI (262) spi_flash: flash io: dio[0m
[0;32mI (266) main_task: Started on CPU0[0m
[0;32mI (276) main_task: Calling app_main()[0m
[0;32mI (276) gpio: GPIO[2]| InputEn: 0| OutputEn: 1| OpenDrain: 0| Pullup: 0| Pulldown: 0| Intr:0 [0m
[0;32mI (276) gpio: GPIO[4]| InputEn: 1| OutputEn: 0| OpenDrain: 0| Pullup: 1| Pulldown: 0| Intr:1 [0m
